// Jest Snapshot v1, https://goo.gl/fbAQLP

exports[`EchodexV3Factory #createPool gas 1`] = `4729417`;

exports[`EchodexV3Factory factory bytecode size 1`] = `5151`;

exports[`EchodexV3Factory pool bytecode size 1`] = `22962`;
